/Users/nnamdiwilliams/Downloads/cucumber_demo_framework/src/test/java/framework/LoginPage.java
/Users/nnamdiwilliams/Downloads/cucumber_demo_framework/src/test/java/framework/MessengerPage.java
/Users/nnamdiwilliams/Downloads/cucumber_demo_framework/src/test/java/framework/AmazonHomePage.java
/Users/nnamdiwilliams/Downloads/cucumber_demo_framework/src/test/java/framework/newClass.java
/Users/nnamdiwilliams/Downloads/cucumber_demo_framework/src/test/java/stepdefinition/AmazonSD.java
/Users/nnamdiwilliams/Downloads/cucumber_demo_framework/src/test/java/stepdefinition/DarkSkyVerifyTime.java
/Users/nnamdiwilliams/Downloads/cucumber_demo_framework/src/test/java/stepdefinition/Student.java
/Users/nnamdiwilliams/Downloads/cucumber_demo_framework/src/test/java/stepdefinition/SharedSD.java
/Users/nnamdiwilliams/Downloads/cucumber_demo_framework/src/test/java/framework/GoogleHomePage.java
/Users/nnamdiwilliams/Downloads/cucumber_demo_framework/src/test/java/stepdefinition/SumZero.java
/Users/nnamdiwilliams/Downloads/cucumber_demo_framework/src/test/java/framework/HotelsdotcomHomePage.java
/Users/nnamdiwilliams/Downloads/cucumber_demo_framework/src/test/java/stepdefinition/SignupSD.java
/Users/nnamdiwilliams/Downloads/cucumber_demo_framework/src/test/java/framework/AmazonSignInPage.java
/Users/nnamdiwilliams/Downloads/cucumber_demo_framework/src/test/java/stepdefinition/HotelsSD.java
/Users/nnamdiwilliams/Downloads/cucumber_demo_framework/src/test/java/framework/HomePage.java
/Users/nnamdiwilliams/Downloads/cucumber_demo_framework/src/test/java/framework/DateUtil.java
/Users/nnamdiwilliams/Downloads/cucumber_demo_framework/src/test/java/framework/MessengerLoginPage.java
/Users/nnamdiwilliams/Downloads/cucumber_demo_framework/src/test/java/framework/DarkSkyHomePage.java
/Users/nnamdiwilliams/Downloads/cucumber_demo_framework/src/test/java/framework/BasePage.java
/Users/nnamdiwilliams/Downloads/cucumber_demo_framework/src/test/java/stepdefinition/ReadExcelFileExample.java
/Users/nnamdiwilliams/Downloads/cucumber_demo_framework/src/test/java/stepdefinition/WriteExcelFileExample.java
/Users/nnamdiwilliams/Downloads/cucumber_demo_framework/src/test/java/stepdefinition/CountingUniqueNumbers.java
/Users/nnamdiwilliams/Downloads/cucumber_demo_framework/src/test/java/stepdefinition/MessengerSD.java
/Users/nnamdiwilliams/Downloads/cucumber_demo_framework/src/test/java/util/ConfigReader.java
/Users/nnamdiwilliams/Downloads/cucumber_demo_framework/src/test/java/stepdefinition/LoginSD.java
/Users/nnamdiwilliams/Downloads/cucumber_demo_framework/src/test/java/framework/TestRunner.java
/Users/nnamdiwilliams/Downloads/cucumber_demo_framework/src/test/java/stepdefinition/DarkSkyAPITests.java
/Users/nnamdiwilliams/Downloads/cucumber_demo_framework/src/test/java/framework/AmazonSearchPage.java
/Users/nnamdiwilliams/Downloads/cucumber_demo_framework/src/test/java/stepdefinition/DarkSkyFinalProject.java
